/tmp/p09-selected-125510-12ngllrn/SelectedNode.lean:1632:4: error: Unfinished arithmetic input: continuously extend the nontrivial ideal character series S with nonzero value at one.
case neg
M : IntermediateField ℚ (AlgebraicClosure ℚ)
inst✝ : FiniteDimensional ℚ ↥M
F : IntermediateField ℚ ↥M
q : ℕ
ζ : ↥M
hq : Nat.Prime q
hζ : IsPrimitiveRoot ζ q
hadjoin : (↥F)⟮ζ⟯ = ⊤
h : Gal(↥M/↥F)
B : Finset ℕ
this✝⁸ : Fact (Nat.Prime q) := { out := hq }
this✝⁷ : NeZero q := { out := Nat.Prime.ne_zero hq }
this✝⁶ : NumberField ↥M := { to_charZero := IntermediateField.charZero M, to_finiteDimensional := inst✝ }
this✝⁵ : NumberField ↥F := inferInstance
this✝⁴ : IsCyclotomicExtension {q} ↥F ↥⊤ :=
  hadjoin ▸ IsPrimitiveRoot.intermediateField_adjoin_isCyclotomicExtension (↥F) hζ
this✝³ : IsCyclotomicExtension {q} ↥F ↥M := IsCyclotomicExtension.equiv {q} (↥F) (↥⊤) IntermediateField.topEquiv
this✝² : IsGalois ↥F ↥M := IsCyclotomicExtension.isGalois {q} ↥F ↥M
J : Type := Gal(↥M/↥F)
hexponent : Function.Injective ⇑(IsPrimitiveRoot.autToPow (↥F) hζ)
this✝¹ : IsCyclic J := isCyclic_of_injective (IsPrimitiveRoot.autToPow (↥F) hζ) hexponent
m : ℕ := Nat.card J
hm : 0 < m
e : Multiplicative (ZMod m) ≃* J := zmodCyclicMulEquiv ⋯
code : J → ZMod m := fun σ => Multiplicative.toAdd (e.symm σ)
hcode : Function.Injective code
ω : ℂ := Complex.exp (2 * ↑Real.pi * Complex.I / ↑m)
hω : IsPrimitiveRoot ω m
hrootmem : ∀ (W : ValuationSubring ↥M) (x : ↥M), x ^ q = 1 → x ∈ W ∧ x⁻¹ ∈ W
hrootinj :
  ∀ (W : ValuationSubring ↥M) (ℓ : ℕ),
    W.LiesOverPrime ℓ → ℓ.Coprime q → ∀ (x y : ↥W), x ^ q = 1 → y ^ q = 1 → (residue ↥W) x = (residue ↥W) y → x = y
hrootext : ∀ (σ τ : J), σ ζ = τ ζ → σ = τ
hfrobroot :
  ∀ (W : ValuationSubring ↥M) (ℓ : ℕ), W.LiesOverPrime ℓ → ℓ.Coprime q → ∀ (σ : J), W.IsFrobeniusAt σ ℓ → σ ζ = ζ ^ ℓ
hinertia :
  ∀ (W : ValuationSubring ↥M) (ℓ : ℕ),
    Nat.Prime ℓ → W.LiesOverPrime ℓ → ¬ℓ ∣ q → ValuationSubring.inertiaSubgroupIn (↥F) W = ⊥
hrayContinuation :
  ∀ (C : Type) [inst : Fintype C] (a : C → ℕ → ℝ) (κ α : ℝ),
    (∀ (c : C) (n : ℕ), 0 ≤ a c n) →
      0 ≤ α →
        α < 1 →
          (∀ (c : C), ∃ R, 0 ≤ R ∧ ∀ (n : ℕ), 1 ≤ n → |∑ k ∈ Finset.Icc 1 n, a c k - κ * ↑n| ≤ R * ↑n ^ α) →
            ∀ (θ : C → ℂ),
              ∑ c, θ c = 0 →
                ∃ H,
                  DifferentiableOn ℂ H {s | α < s.re} ∧
                    ∀ (s : ℂ), 1 < s.re → ∑ c, θ c * LSeries (fun n => ↑(a c n)) s = H s
hprimeBound :
  ∀ (E L P : ℝ → ℂ),
    ContinuousOn E (Set.Ioo 1 2) →
      ContinuousWithinAt L (Set.Ici 1) 1 →
        L 1 ≠ 0 →
          (∀ s ∈ Set.Ioo 1 2, Complex.exp (E s) = L s) →
            ∀ (R : ℝ),
              0 ≤ R →
                (∀ (s : ℝ), 1 < s → s < 2 → ‖P s - E s‖ ≤ R) →
                  ∃ C, 0 ≤ C ∧ ∃ ε, 0 < ε ∧ ε ≤ 1 ∧ ∀ (s : ℝ), 1 < s → s < 1 + ε → ‖P s‖ ≤ C
ι : Type := IsDedekindDomain.HeightOneSpectrum (NumberField.RingOfIntegers ↥F)
N : ι → ℕ := fun v => absNorm v.asIdeal
D : Set ι := {v | ¬Nat.Prime (N v) ∨ N v ∈ insert q B}
hN : ∀ (v : ι), 2 ≤ N v
hEulerIdeal :
  ∀ (R : Type) [inst : CommRing R] [IsDedekindDomain R] (f : Ideal R →*₀ ℂ),
    (Summable fun I => ‖f I‖) →
      (∀ (v : IsDedekindDomain.HeightOneSpectrum R), 1 - f v.asIdeal ≠ 0) →
        Complex.exp (∑' (v : IsDedekindDomain.HeightOneSpectrum R), -Complex.log (1 - f v.asIdeal)) =
          ∑' (I : Ideal R), f I
hIdealSeries :
  ∀ (s : ℝ),
    1 < s →
      (Summable fun I => (↑(absNorm I)).rpow (-s)) ∧
        NumberField.dedekindZeta ↥F ↑s = ∑' (I : Ideal (NumberField.RingOfIntegers ↥F)), ↑((↑(absNorm I)).rpow (-s))
hsum : ∀ (s : ℝ), 1 < s → Summable fun v => (↑(N v)).rpow (-s)
hEulerTail :
  ∀ (χ : ι → ℂ),
    (∀ (v : ι), ‖χ v‖ = 1) →
      ∃ R,
        0 ≤ R ∧
          ∀ (s : ℝ),
            1 < s →
              ‖∑' (v : ι), χ v * ↑((↑(N v)).rpow (-s)) - ∑' (v : ι), -Complex.log (1 - χ v * ↑((↑(N v)).rpow (-s)))‖ ≤ R
hEulerContinuous :
  ∀ (χ : ι → ℂ),
    (∀ (v : ι), ‖χ v‖ = 1) →
      ContinuousOn (fun s => ∑' (v : ι), -Complex.log (1 - χ v * ↑((↑(N v)).rpow (-s)))) (Set.Ioi 1)
hhigher : ∃ C, 0 ≤ C ∧ ∀ (s : ℝ), 1 < s → s < 2 → ∑' (v : { v // ¬Nat.Prime (N v) }), (↑(N ↑v)).rpow (-s) ≤ C
hfiniteNorm : ∀ (n : ℕ), {v | N v = n}.Finite
hfiniteExcluded : {v | N v ∈ insert q B}.Finite
hexcludedBound : ∃ C, 0 ≤ C ∧ ∀ (s : ℝ), 1 < s → s < 2 → ∑' (v : { v // N v ∈ insert q B }), (↑(N ↑v)).rpow (-s) ≤ C
hbadFromHigher :
  (∀ (s : ℝ), 1 < s → Summable fun v => (↑(N v)).rpow (-s)) →
    (∃ C, 0 ≤ C ∧ ∀ (s : ℝ), 1 < s → s < 2 → ∑' (v : { v // ¬Nat.Prime (N v) }), (↑(N ↑v)).rpow (-s) ≤ C) →
      ∃ C, 0 ≤ C ∧ ∀ (s : ℝ), 1 < s → s < 2 → ∑' (v : { v // v ∈ D }), (↑(N ↑v)).rpow (-s) ≤ C
hfinish :
  ∀ (frob : ι → J),
    (∀ (s : ℝ), 1 < s → Summable fun v => (↑(N v)).rpow (-s)) →
      (∀ (k : Fin m),
          ∃ C,
            0 ≤ C ∧
              ∃ ε,
                0 < ε ∧
                  ∀ (s : ℝ),
                    1 < s →
                      s < 1 + ε →
                        ‖∑' (v : ι), ω ^ (↑k * (code (frob v)).val) * ↑((↑(N v)).rpow (-s)) -
                              if ↑k = 0 then ↑(Real.log (1 / (s - 1))) else 0‖ ≤
                          C) →
        (∃ C, 0 ≤ C ∧ ∀ (s : ℝ), 1 < s → s < 2 → ∑' (v : { v // v ∈ D }), (↑(N ↑v)).rpow (-s) ≤ C) →
          (∀ v ∉ D, ∃ W, W.LiesOverPrime (N v) ∧ W.IsFrobeniusAt (frob v) (N v)) →
            ∃ ℓ, Nat.Prime ℓ ∧ ℓ ∉ B ∧ ∃ W, W.LiesOverPrime ℓ ∧ W.IsFrobeniusAt h ℓ
frob : ι → J
val : ι → ValuationSubring ↥M
hval : ∀ (v : ι), (val v).LiesOverPrime (N v)
hfrob : ∀ (v : ι), (val v).IsFrobeniusAt (frob v) (N v)
hnormAction : ∀ (v : ι), (N v).Coprime q → (frob v) ζ = ζ ^ N v
O : Type := NumberField.RingOfIntegers ↥F
this✝ : CommGroup J := IsCyclic.commGroup
primeAction : Ideal O → J :=
  fun P => if hp : P.IsPrime ∧ P ≠ ⊥ then frob { asIdeal := P, isPrime := ⋯, ne_bot := ⋯ } else 1
A : ↥(Ideal O)⁰ →* J :=
  { toFun := fun I => (Multiset.map primeAction (normalizedFactors ↑I)).prod, map_one' := ⋯, map_mul' := ⋯ }
hprimeAction : ∀ (v : ι), primeAction v.asIdeal = frob v
hAprime : ∀ (v : ι), A ⟨v.asIdeal, ⋯⟩ = frob v
hAnorm : ∀ (I : ↥(Ideal O)⁰), (absNorm ↑I).Coprime q → (A I) ζ = ζ ^ absNorm ↑I
hnormCongruence : ∀ (a b c : O), a = b + ↑q * c → ↑((Algebra.norm ℤ) a) = ↑((Algebra.norm ℤ) b)
hAmod : ∀ (I K : ↥(Ideal O)⁰), (absNorm ↑K).Coprime q → ↑(absNorm ↑I) = ↑(absNorm ↑K) → A I = A K
hnormSign : ∀ (a : O), (∀ (φ : ↥F →+* ℝ), 0 ≤ φ ↑a) → 0 ≤ (Algebra.norm ℤ) a
hAprincipal :
  ∀ (a c : O) (b : ℕ) (ha : a ≠ 0) (hb0 : b ≠ 0),
    b.Coprime q → 0 ≤ (Algebra.norm ℤ) a → a = ↑b + ↑q * c → A ⟨span {a}, ⋯⟩ = A ⟨span {↑b}, ⋯⟩
hAray :
  ∀ (I K : ↥(Ideal O)⁰) (a c : O) (b : ℕ),
    a ≠ 0 →
      b ≠ 0 → b.Coprime q → (∀ (φ : ↥F →+* ℝ), 0 < φ ↑a) → a = ↑b + ↑q * c → span {a} * ↑I = span {↑b} * ↑K → A I = A K
k : Fin m
χ : ι → ℂ := fun v => ω ^ (↑k * (code (frob v)).val)
hχ : ∀ (v : ι), ‖χ v‖ = 1
E : ℝ → ℂ := fun s => ∑' (v : ι), -Complex.log (1 - χ v * ↑((↑(N v)).rpow (-s)))
P : ℝ → ℂ := fun s => ∑' (v : ι), χ v * ↑((↑(N v)).rpow (-s))
d : ℝ → ℂ := fun s => if ↑k = 0 then ↑(Real.log (1 / (s - 1))) else 0
hE : ContinuousOn E (Set.Ioo 1 2)
hd : ContinuousOn d (Set.Ioo 1 2)
R : ℝ
hR : 0 ≤ R
htail :
  ∀ (s : ℝ),
    1 < s → ‖∑' (v : ι), χ v * ↑((↑(N v)).rpow (-s)) - ∑' (v : ι), -Complex.log (1 - χ v * ↑((↑(N v)).rpow (-s)))‖ ≤ R
hk : ¬↑k = 0
this : NeZero m := { out := LT.lt.ne' hm }
ψ : J →* ℂ := { toFun := fun σ => ω ^ (↑k * (code σ).val), map_one' := ⋯, map_mul' := ⋯ }
hψ : ∀ (σ : J), ‖ψ σ‖ = 1
w : Ideal O →*₀ ℂ :=
  { toFun := fun I => if hI : I = 0 then 0 else ψ (A ⟨I, ⋯⟩), map_zero' := ⋯, map_one' := ⋯, map_mul' := ⋯ }
hwval : ∀ (I : Ideal O) (hI : I ≠ 0), w I = ψ (A ⟨I, ⋯⟩)
hw : ∀ (I : Ideal O), I ≠ 0 → ‖w I‖ = 1
hwprime : ∀ (v : ι), w v.asIdeal = χ v
hwRay :
  ∀ (I K : ↥(Ideal O)⁰) (a c : O) (b : ℕ),
    a ≠ 0 →
      b ≠ 0 →
        b.Coprime q → (∀ (φ : ↥F →+* ℝ), 0 < φ ↑a) → a = ↑b + ↑q * c → span {a} * ↑I = span {↑b} * ↑K → w ↑I = w ↑K
S : ℝ → ℂ := fun s => ∑' (I : Ideal O), w I * ↑((↑(absNorm I)).rpow (-s))
hseries : ∀ (s : ℝ), 1 < s → Complex.exp (E s) = S s
⊢ ∃ L, ContinuousWithinAt L (Set.Ici 1) 1 ∧ L 1 ≠ 0 ∧ ∀ s ∈ Set.Ioo 1 2, S s = L s
