Swarm verification 27fd3948c4be48cba0db03b6310d8b8d: running on hoa48
Swarm verification 27fd3948c4be48cba0db03b6310d8b8d: running on hoa48
Swarm verification 27fd3948c4be48cba0db03b6310d8b8d: running on hoa48
Swarm verification 27fd3948c4be48cba0db03b6310d8b8d: running on hoa48
Swarm verification 27fd3948c4be48cba0db03b6310d8b8d: running on hoa48
Swarm verification 27fd3948c4be48cba0db03b6310d8b8d: running on hoa48
Swarm verification 27fd3948c4be48cba0db03b6310d8b8d: running on hoa48
Swarm verification 27fd3948c4be48cba0db03b6310d8b8d: running on hoa48
Swarm verification 27fd3948c4be48cba0db03b6310d8b8d: running on hoa48
Swarm verification 27fd3948c4be48cba0db03b6310d8b8d: running on hoa48
Swarm verification 27fd3948c4be48cba0db03b6310d8b8d: running on hoa48
{"stage": "packet-validated", "digest": "73650432c983cebce7710a75aae780626ff6a7433c4d41fa48b6e819a02afaff", "candidate_commit": "62bf03d3d829c00f23001f66cbe936b3ae5c37b7", "node": "root.tate_index_annihilation-a1.cohomology_transfer-a1.hom_complex_transfer-a1.hom_coset_average_laws-a1"}
✔ [2/5] Built Definitions.Def_GroupCohomology_TateCohomology (7.7s)
✖ [3/5] Building Submission (5.2s)
trace: .> LEAN_PATH=/output/result/challenge/.lake/build/lib/lean /reference/lean-4.33.1-linux/bin/lean /output/result/challenge/Submission.lean -o /output/result/challenge/.lake/build/lib/lean/Submission.olean -i /output/result/challenge/.lake/build/lib/lean/Submission.ilean -c /output/result/challenge/.lake/build/ir/Submission.c --setup /output/result/challenge/.lake/build/ir/Submission.setup.json --json
error: Submission.lean:10:18: Unknown constant `Representation.TateResCor.cosetDecomp_apply`
warning: Submission.lean:15:8: declaration uses `sorry`
error: Lean exited with code 1
Some required targets logged failures:
- Submission
error: build failed
Traceback (most recent call last):
  File "/verifier/swarm-verifier-packet.py", line 75, in <module>
    execute(args.packet, args.digest, args.output)
  File "/verifier/swarm-verifier-packet.py", line 63, in execute
    verifier.verify_prepared(output, expected_digest)
  File "/verifier/verify-frozen-node.py", line 621, in verify_prepared
    compare(root, names)
  File "/verifier/verify-frozen-node.py", line 301, in compare
    export(challenge, "Challenge", name, root / "challenge.export")
  File "/verifier/verify-frozen-node.py", line 282, in export
    sandbox(directory, ["lake", "--no-cache", "build", module])
  File "/verifier/swarm-verifier-packet.py", line 50, in <lambda>
    verifier.sandbox = lambda directory, args, **kw: launcher.isolated_command(
                                                     ^^^^^^^^^^^^^^^^^^^^^^^^^^
  File "/verifier/swarm-verifier-selftest.py", line 87, in isolated_command
    return subprocess.run(command, cwd=directory, env=environment, check=True,
           ^^^^^^^^^^^^^^^^^^^^^^^^^^^^^^^^^^^^^^^^^^^^^^^^^^^^^^^^^^^^^^^^^^^
  File "/usr/local/lib/python3.12/subprocess.py", line 571, in run
    raise CalledProcessError(retcode, process.args,
subprocess.CalledProcessError: Command '['/mnt/data/zhengyang-workspace/fermat-example/.humanize/verifier/landrun', '--best-effort', '--ro', '/etc', '--rox', '/usr', '--ro', '/output/result/challenge', '--rox', '/mnt/data/zhengyang-workspace/fermat-example/.humanize/verifier', '--rw', '/dev', '-ldd', '-add-exec', '--rwx', '/output/result/challenge/.lake', '--rox', '/reference/lean-4.33.1-linux', '--rox', '/reference/packages', '--env', 'PATH', '--env', 'HOME', '--env', 'LEAN_PATH', '--env', 'LEAN_ABORT_ON_PANIC', '--env', 'LEAN_NUM_THREADS', '--', 'lake', '--no-cache', 'build', 'Challenge']' returned non-zero exit status 1.
