Controller verification 8abe83d72ef64cf89a45fc38a1b927dd: running
Controller verification 8abe83d72ef64cf89a45fc38a1b927dd: running
Swarm verification 8abe83d72ef64cf89a45fc38a1b927dd: starting on hoa30
Swarm verification 8abe83d72ef64cf89a45fc38a1b927dd: running on hoa30
Swarm verification 8abe83d72ef64cf89a45fc38a1b927dd: running on hoa30
Swarm verification 8abe83d72ef64cf89a45fc38a1b927dd: running on hoa30
Swarm verification 8abe83d72ef64cf89a45fc38a1b927dd: running on hoa30
Swarm verification 8abe83d72ef64cf89a45fc38a1b927dd: running on hoa30
Swarm verification 8abe83d72ef64cf89a45fc38a1b927dd: running on hoa30
Swarm verification 8abe83d72ef64cf89a45fc38a1b927dd: running on hoa30
Swarm verification 8abe83d72ef64cf89a45fc38a1b927dd: running on hoa30
Swarm verification 8abe83d72ef64cf89a45fc38a1b927dd: running on hoa30
Swarm verification 8abe83d72ef64cf89a45fc38a1b927dd: running on hoa30
Swarm verification 8abe83d72ef64cf89a45fc38a1b927dd: running on hoa30
Swarm verification 8abe83d72ef64cf89a45fc38a1b927dd: running on hoa30
Swarm verification 8abe83d72ef64cf89a45fc38a1b927dd: running on hoa30
Swarm verification 8abe83d72ef64cf89a45fc38a1b927dd: running on hoa30
Swarm verification 8abe83d72ef64cf89a45fc38a1b927dd: running on hoa30
Swarm verification 8abe83d72ef64cf89a45fc38a1b927dd: running on hoa30
Swarm verification 8abe83d72ef64cf89a45fc38a1b927dd: running on hoa30
Swarm verification 8abe83d72ef64cf89a45fc38a1b927dd: running on hoa30
Swarm verification 8abe83d72ef64cf89a45fc38a1b927dd: running on hoa30
Swarm verification 8abe83d72ef64cf89a45fc38a1b927dd: running on hoa30
Swarm verification 8abe83d72ef64cf89a45fc38a1b927dd: running on hoa30
Swarm verification 8abe83d72ef64cf89a45fc38a1b927dd: running on hoa30
Swarm verification 8abe83d72ef64cf89a45fc38a1b927dd: running on hoa30
Swarm verification 8abe83d72ef64cf89a45fc38a1b927dd: running on hoa30
Swarm verification 8abe83d72ef64cf89a45fc38a1b927dd: running on hoa30
Swarm verification 8abe83d72ef64cf89a45fc38a1b927dd: running on hoa30
Swarm verification 8abe83d72ef64cf89a45fc38a1b927dd: running on hoa30
Swarm verification 8abe83d72ef64cf89a45fc38a1b927dd: running on hoa30
Swarm verification 8abe83d72ef64cf89a45fc38a1b927dd: running on hoa30
Swarm verification 8abe83d72ef64cf89a45fc38a1b927dd: running on hoa30
Swarm verification 8abe83d72ef64cf89a45fc38a1b927dd: running on hoa30
Swarm verification 8abe83d72ef64cf89a45fc38a1b927dd: running on hoa30
Swarm verification 8abe83d72ef64cf89a45fc38a1b927dd: running on hoa30
Swarm verification 8abe83d72ef64cf89a45fc38a1b927dd: running on hoa30
Swarm verification 8abe83d72ef64cf89a45fc38a1b927dd: running on hoa30
Swarm verification 8abe83d72ef64cf89a45fc38a1b927dd: running on hoa30
Swarm verification 8abe83d72ef64cf89a45fc38a1b927dd: running on hoa30
Swarm verification 8abe83d72ef64cf89a45fc38a1b927dd: running on hoa30
Swarm verification 8abe83d72ef64cf89a45fc38a1b927dd: running on hoa30
Swarm verification 8abe83d72ef64cf89a45fc38a1b927dd: running on hoa30
Swarm verification 8abe83d72ef64cf89a45fc38a1b927dd: running on hoa30
Swarm verification 8abe83d72ef64cf89a45fc38a1b927dd: running on hoa30
{"stage": "packet-validated", "digest": "bf7d0be479a4dcb6dc273c1bf0af5d49206a2c1314b28cf9188c7fe11b6d0bd8", "candidate_commit": "eaf3e0086d883caaced3a9a91844c9c10df23079", "node": "root.curve_ring_equiv-a1.group_law_rebase-a1"}
✔ [1/10] Built Definitions.Def_Submodule_FiniteAdeleBox (10s)
⚠ [2/10] Built Definitions.Def_AlgebraicGeometry_NeronModelPropertyBundleCarrier (10s)
warning: Definitions/Def_AlgebraicGeometry_NeronModelPropertyBundleCarrier.lean:66:8: Overlapping instance parameters in `NeronModelPropertyBundle.smooth_mathlibSpelling`:

⚠️ `[IsDomain
   R]` and `[IsDedekindDomain
   R]` each imply `[Nontrivial R]`, `[IsLeftCancelMulZero R]`, and `[IsRightCancelMulZero R]`.
💡️ Of these, `[IsDomain R]` may be removed.

Note: This linter can be disabled with `set_option linter.overlappingInstances false`
warning: Definitions/Def_AlgebraicGeometry_NeronModelPropertyBundleCarrier.lean:70:8: Overlapping instance parameters in `NeronModelPropertyBundle.isSeparated_mathlibSpelling`:

⚠️ `[IsDomain
   R]` and `[IsDedekindDomain
   R]` each imply `[Nontrivial R]`, `[IsLeftCancelMulZero R]`, and `[IsRightCancelMulZero R]`.
💡️ Of these, `[IsDomain R]` may be removed.

Note: This linter can be disabled with `set_option linter.overlappingInstances false`
warning: Definitions/Def_AlgebraicGeometry_NeronModelPropertyBundleCarrier.lean:74:8: Overlapping instance parameters in `NeronModelPropertyBundle.locallyOfFiniteType_mathlibSpelling`:

⚠️ `[IsDomain
   R]` and `[IsDedekindDomain
   R]` each imply `[Nontrivial R]`, `[IsLeftCancelMulZero R]`, and `[IsRightCancelMulZero R]`.
💡️ Of these, `[IsDomain R]` may be removed.

Note: This linter can be disabled with `set_option linter.overlappingInstances false`
warning: Definitions/Def_AlgebraicGeometry_NeronModelPropertyBundleCarrier.lean:78:8: Overlapping instance parameters in `NeronModelPropertyBundle.quasiCompact_mathlibSpelling`:

⚠️ `[IsDomain
   R]` and `[IsDedekindDomain
   R]` each imply `[Nontrivial R]`, `[IsLeftCancelMulZero R]`, and `[IsRightCancelMulZero R]`.
💡️ Of these, `[IsDomain R]` may be removed.

Note: This linter can be disabled with `set_option linter.overlappingInstances false`
warning: Definitions/Def_AlgebraicGeometry_NeronModelPropertyBundleCarrier.lean:82:8: Overlapping instance parameters in `NeronModelPropertyBundle.neronMapping_bijective`:

⚠️ `[IsDomain
   R]` and `[IsDedekindDomain
   R]` each imply `[Nontrivial R]`, `[IsLeftCancelMulZero R]`, and `[IsRightCancelMulZero R]`.
💡️ Of these, `[IsDomain R]` may be removed.

Note: This linter can be disabled with `set_option linter.overlappingInstances false`
warning: Definitions/Def_AlgebraicGeometry_NeronModelPropertyBundleCarrier.lean:88:8: Overlapping instance parameters in `neronModelPropertyBundle_iff_propertyList`:

⚠️ `[IsDomain
   R]` and `[IsDedekindDomain
   R]` each imply `[Nontrivial R]`, `[IsLeftCancelMulZero R]`, and `[IsRightCancelMulZero R]`.
💡️ Of these, `[IsDomain R]` may be removed.

Note: This linter can be disabled with `set_option linter.overlappingInstances false`
warning: Definitions/Def_AlgebraicGeometry_NeronModelPropertyBundleCarrier.lean:95:8: Overlapping instance parameters in `NeronModelPropertyBundle.existsUnique_extension`:

⚠️ `[IsDomain
   R]` and `[IsDedekindDomain
   R]` each imply `[Nontrivial R]`, `[IsLeftCancelMulZero R]`, and `[IsRightCancelMulZero R]`.
💡️ Of these, `[IsDomain R]` may be removed.

Note: This linter can be disabled with `set_option linter.overlappingInstances false`
warning: Definitions/Def_AlgebraicGeometry_NeronModelPropertyBundleCarrier.lean:174:8: Overlapping instance parameters in `neronModelPropertyBundle_id`:

⚠️ `[IsDomain
   R]` and `[IsDedekindDomain
   R]` each imply `[Nontrivial R]`, `[IsLeftCancelMulZero R]`, and `[IsRightCancelMulZero R]`.
💡️ Of these, `[IsDomain R]` may be removed.

Note: This linter can be disabled with `set_option linter.overlappingInstances false`
✔ [3/10] Built Definitions.Def_QuaternionAlgebra_Order (6.4s)
✔ [4/10] Built Definitions.Def_QuaternionAlgebra_ReducedNorm (6.6s)
✔ [5/11] Built Definitions.Def_AlgebraicGeometry_RelativeGroupLaw (6.1s)
✔ [6/12] Built Definitions.Def_QuaternionAlgebra_Order_FiniteIdele (6.9s)
⚠ [7/12] Built Definitions.Def_ModularCurve_X0 (4.8s)
warning: Definitions/Def_ModularCurve_X0.lean:40:9: `HahnSeries.embDomain_notin_range` has been deprecated: Use `HahnSeries.embDomain_of_notMem_range` instead
warning: Definitions/Def_ModularCurve_X0.lean:163:9: `HahnSeries.embDomain_notin_range` has been deprecated: Use `HahnSeries.embDomain_of_notMem_range` instead
warning: Definitions/Def_ModularCurve_X0.lean:239:2: Try this:
  haveI̵

The goal is a proposition, so `have` is preferred over `haveI`.
The difference between `have` and `haveI` is that `haveI` inlines the value.
But this is not relevant for proofs because of proof irrelevance.

Note: This linter can be disabled with `set_option linter.style.haveILetI false`
warning: Definitions/Def_ModularCurve_X0.lean:325:2: Try this:
  haveI̵

The goal is a proposition, so `have` is preferred over `haveI`.
The difference between `have` and `haveI` is that `haveI` inlines the value.
But this is not relevant for proofs because of proof irrelevance.

Note: This linter can be disabled with `set_option linter.style.haveILetI false`
warning: Definitions/Def_ModularCurve_X0.lean:334:2: Try this:
  haveI̵

The goal is a proposition, so `have` is preferred over `haveI`.
The difference between `have` and `haveI` is that `haveI` inlines the value.
But this is not relevant for proofs because of proof irrelevance.

Note: This linter can be disabled with `set_option linter.style.haveILetI false`
warning: Definitions/Def_ModularCurve_X0.lean:335:2: Try this:
  haveI̵

The goal is a proposition, so `have` is preferred over `haveI`.
The difference between `have` and `haveI` is that `haveI` inlines the value.
But this is not relevant for proofs because of proof irrelevance.

Note: This linter can be disabled with `set_option linter.style.haveILetI false`
✔ [8/14] Built Definitions.Def_JacJ1Iface (6.0s)
✔ [9/16] Built Definitions.Def_ModularCurve_LaurentCoeff (3.6s)
✔ [10/17] Built Definitions.Def_Submodule_LocalBox (8.0s)
✔ [11/17] Built Definitions.Def_AlgebraicCurve_DivisorClassGroup (5.0s)
✔ [12/18] Built Definitions.Def_ModularForm_HeckeOperator (4.1s)
⚠ [13/18] Built Definitions.Def_QuaternionAlgebra_EichlerOrder (8.0s)
warning: Definitions/Def_QuaternionAlgebra_EichlerOrder.lean:58:4: Try this:
  haveI̵

The goal is a proposition, so `have` is preferred over `haveI`.
The difference between `have` and `haveI` is that `haveI` inlines the value.
But this is not relevant for proofs because of proof irrelevance.

Note: This linter can be disabled with `set_option linter.style.haveILetI false`
warning: Definitions/Def_QuaternionAlgebra_EichlerOrder.lean:59:4: Try this:
  haveI̵

The goal is a proposition, so `have` is preferred over `haveI`.
The difference between `have` and `haveI` is that `haveI` inlines the value.
But this is not relevant for proofs because of proof irrelevance.

Note: This linter can be disabled with `set_option linter.style.haveILetI false`
✔ [14/18] Built Definitions.Def_AlgebraicCurve_BaseChangeGalois (7.1s)
✔ [15/20] Built Definitions.Def_AlgebraicCurve_IsCurveOver (2.5s)
✔ [16/20] Built Definitions.Def_ModularCurve_ComplexPlaceDictionary (5.0s)
⚠ [17/21] Built Definitions.Def_ModularCurve_ComponentGroup (2.3s)
warning: Definitions/Def_ModularCurve_ComponentGroup.lean:1:0: 'Mathlib.Algebra.Exact' has been deprecated: please replace this import by

import Mathlib.Algebra.Exact.Basic
✔ [18/23] Built Definitions.Def_ModularCurve_UniformizedHeckeCurve (3.9s)
✔ [19/25] Built Definitions.Def_CerednikDrinfeld_Ribbon (3.4s)
✔ [20/34] Built Definitions.Def_FLTPrelim_FreyPackage (2.0s)
✔ [21/34] Built Definitions.Def_FLTPrelim_GaloisRep (2.7s)
✔ [22/34] Built Definitions.Def_FLTPrelim_Ramification (2.1s)
✔ [23/35] Built Definitions.Def_Compat_Mathlib430 (5.7s)
✔ [24/35] Built Definitions.Def_EllipticCurve_FrobeniusTrace (3.2s)
✔ [25/36] Built Definitions.Def_MvFormalGroup_BasicV2 (3.7s)
✔ [26/41] Built Definitions.Def_HeckeGalois_EichlerShimura (4.3s)
✔ [27/41] Built Definitions.Def_CerednikDrinfeld_JPrimeTorsionDatum (5.0s)
✔ [28/41] Built Definitions.Def_CerednikDrinfeld_MumfordPeriod (7.2s)
⚠ [29/41] Built Definitions.Def_LatticeTreeOrbital (15s)
warning: Definitions/Def_LatticeTreeOrbital.lean:1911:4: Try this:
  haveI̵

The goal is a proposition, so `have` is preferred over `haveI`.
The difference between `have` and `haveI` is that `haveI` inlines the value.
But this is not relevant for proofs because of proof irrelevance.

Note: This linter can be disabled with `set_option linter.style.haveILetI false`
✔ [30/46] Built Definitions.Def_CerednikDrinfeld_TwoPlaceTorsionDatum (4.2s)
⚠ [31/47] Built Definitions.Def_CerednikDrinfeld_BruhatTitsTree (3.3s)
warning: Definitions/Def_CerednikDrinfeld_BruhatTitsTree.lean:20:9: The namespace `CerednikDrinfeld` is duplicated in the declaration `CerednikDrinfeld.BruhatTits._root_.CerednikDrinfeld.Mumford.GraphAction.subgroup`.

Note: This linter can be disabled with `set_option linter.dupNamespace false`
warning: Definitions/Def_CerednikDrinfeld_BruhatTitsTree.lean:23:8: The namespace `CerednikDrinfeld` is duplicated in the declaration `CerednikDrinfeld.BruhatTits._root_.CerednikDrinfeld.Mumford.GraphAction.of_compHom`.

Note: This linter can be disabled with `set_option linter.dupNamespace false`
✔ [32/47] Built Definitions.Def_MvFormalGroup_EndRingV2 (5.6s)
✔ [34/51] Built Definitions.Def_CerednikDrinfeld_FormalUpperHalfPlaneCharts (7.9s)
✔ [35/51] Built Definitions.Def_MvFormalGroup_NegV2 (9.7s)
⚠ [36/51] Built Definitions.Def_CerednikDrinfeld_ShimuraCurve (26s)
warning: Definitions/Def_CerednikDrinfeld_ShimuraCurve.lean:194:2: Try this:
  letI̵

The goal is a proposition, so `let` is preferred over `letI`.
The difference between `let` and `letI` is that `letI` inlines the value.
But this is not relevant for proofs because of proof irrelevance.

Note: This linter can be disabled with `set_option linter.style.haveILetI false`
✔ [37/51] Built Definitions.Def_CerednikDrinfeld_SchemeNilpPoints (6.2s)
✔ [38/51] Built Definitions.Def_CerednikDrinfeld_SpecialFormalModule (9.4s)
✔ [39/51] Built Definitions.Def_CerednikDrinfeld_QMModuli (10s)
✔ [40/51] Built Definitions.Def_AlgebraicGeometry_FormalGroupAlongSection (5.5s)
✔ [41/51] Built Definitions.Def_CerednikDrinfeld_QMIsogeny (5.1s)
✔ [42/51] Built Definitions.Def_CerednikDrinfeld_QMModuliProps (6.5s)
✔ [43/51] Built Definitions.Def_CerednikDrinfeld_QMFormalModuleOf (5.8s)
✔ [44/51] Built Definitions.Def_CerednikDrinfeld_QMCoarseModuli (5.8s)
✔ [45/51] Built Definitions.Def_CerednikDrinfeld_QMFineModuli (6.0s)
✔ [46/51] Built Definitions.Def_CerednikDrinfeld_QMFineModuliT (6.1s)
✔ [47/51] Built Definitions.Def_CerednikDrinfeld_QMRigidification (7.8s)
✔ [48/51] Built Definitions.Def_CerednikDrinfeld_RigidifiedPairClassModel (8.1s)
⚠ [49/51] Built Submission (5.9s)
warning: Submission.lean:19:8: declaration uses `sorry`
⚠ [50/51] Built Challenge (5.5s)
warning: Challenge.lean:2:8: declaration uses `sorry`
Build completed successfully (51 jobs).
✔ [1/10] Built Definitions.Def_Submodule_FiniteAdeleBox (9.8s)
⚠ [2/10] Built Definitions.Def_AlgebraicGeometry_NeronModelPropertyBundleCarrier (10s)
warning: Definitions/Def_AlgebraicGeometry_NeronModelPropertyBundleCarrier.lean:66:8: Overlapping instance parameters in `NeronModelPropertyBundle.smooth_mathlibSpelling`:

⚠️ `[IsDomain
   R]` and `[IsDedekindDomain
   R]` each imply `[Nontrivial R]`, `[IsLeftCancelMulZero R]`, and `[IsRightCancelMulZero R]`.
💡️ Of these, `[IsDomain R]` may be removed.

Note: This linter can be disabled with `set_option linter.overlappingInstances false`
warning: Definitions/Def_AlgebraicGeometry_NeronModelPropertyBundleCarrier.lean:70:8: Overlapping instance parameters in `NeronModelPropertyBundle.isSeparated_mathlibSpelling`:

⚠️ `[IsDomain
   R]` and `[IsDedekindDomain
   R]` each imply `[Nontrivial R]`, `[IsLeftCancelMulZero R]`, and `[IsRightCancelMulZero R]`.
💡️ Of these, `[IsDomain R]` may be removed.

Note: This linter can be disabled with `set_option linter.overlappingInstances false`
warning: Definitions/Def_AlgebraicGeometry_NeronModelPropertyBundleCarrier.lean:74:8: Overlapping instance parameters in `NeronModelPropertyBundle.locallyOfFiniteType_mathlibSpelling`:

⚠️ `[IsDomain
   R]` and `[IsDedekindDomain
   R]` each imply `[Nontrivial R]`, `[IsLeftCancelMulZero R]`, and `[IsRightCancelMulZero R]`.
💡️ Of these, `[IsDomain R]` may be removed.

Note: This linter can be disabled with `set_option linter.overlappingInstances false`
warning: Definitions/Def_AlgebraicGeometry_NeronModelPropertyBundleCarrier.lean:78:8: Overlapping instance parameters in `NeronModelPropertyBundle.quasiCompact_mathlibSpelling`:

⚠️ `[IsDomain
   R]` and `[IsDedekindDomain
   R]` each imply `[Nontrivial R]`, `[IsLeftCancelMulZero R]`, and `[IsRightCancelMulZero R]`.
💡️ Of these, `[IsDomain R]` may be removed.

Note: This linter can be disabled with `set_option linter.overlappingInstances false`
warning: Definitions/Def_AlgebraicGeometry_NeronModelPropertyBundleCarrier.lean:82:8: Overlapping instance parameters in `NeronModelPropertyBundle.neronMapping_bijective`:

⚠️ `[IsDomain
   R]` and `[IsDedekindDomain
   R]` each imply `[Nontrivial R]`, `[IsLeftCancelMulZero R]`, and `[IsRightCancelMulZero R]`.
💡️ Of these, `[IsDomain R]` may be removed.

Note: This linter can be disabled with `set_option linter.overlappingInstances false`
warning: Definitions/Def_AlgebraicGeometry_NeronModelPropertyBundleCarrier.lean:88:8: Overlapping instance parameters in `neronModelPropertyBundle_iff_propertyList`:

⚠️ `[IsDomain
   R]` and `[IsDedekindDomain
   R]` each imply `[Nontrivial R]`, `[IsLeftCancelMulZero R]`, and `[IsRightCancelMulZero R]`.
💡️ Of these, `[IsDomain R]` may be removed.

Note: This linter can be disabled with `set_option linter.overlappingInstances false`
warning: Definitions/Def_AlgebraicGeometry_NeronModelPropertyBundleCarrier.lean:95:8: Overlapping instance parameters in `NeronModelPropertyBundle.existsUnique_extension`:

⚠️ `[IsDomain
   R]` and `[IsDedekindDomain
   R]` each imply `[Nontrivial R]`, `[IsLeftCancelMulZero R]`, and `[IsRightCancelMulZero R]`.
💡️ Of these, `[IsDomain R]` may be removed.

Note: This linter can be disabled with `set_option linter.overlappingInstances false`
warning: Definitions/Def_AlgebraicGeometry_NeronModelPropertyBundleCarrier.lean:174:8: Overlapping instance parameters in `neronModelPropertyBundle_id`:

⚠️ `[IsDomain
   R]` and `[IsDedekindDomain
   R]` each imply `[Nontrivial R]`, `[IsLeftCancelMulZero R]`, and `[IsRightCancelMulZero R]`.
💡️ Of these, `[IsDomain R]` may be removed.

Note: This linter can be disabled with `set_option linter.overlappingInstances false`
✔ [3/10] Built Definitions.Def_QuaternionAlgebra_Order (6.2s)
✔ [4/10] Built Definitions.Def_QuaternionAlgebra_ReducedNorm (6.2s)
✔ [5/11] Built Definitions.Def_AlgebraicGeometry_RelativeGroupLaw (6.1s)
✔ [6/12] Built Definitions.Def_QuaternionAlgebra_Order_FiniteIdele (6.7s)
⚠ [7/12] Built Definitions.Def_ModularCurve_X0 (4.9s)
warning: Definitions/Def_ModularCurve_X0.lean:40:9: `HahnSeries.embDomain_notin_range` has been deprecated: Use `HahnSeries.embDomain_of_notMem_range` instead
warning: Definitions/Def_ModularCurve_X0.lean:163:9: `HahnSeries.embDomain_notin_range` has been deprecated: Use `HahnSeries.embDomain_of_notMem_range` instead
warning: Definitions/Def_ModularCurve_X0.lean:239:2: Try this:
  haveI̵

The goal is a proposition, so `have` is preferred over `haveI`.
The difference between `have` and `haveI` is that `haveI` inlines the value.
But this is not relevant for proofs because of proof irrelevance.

Note: This linter can be disabled with `set_option linter.style.haveILetI false`
warning: Definitions/Def_ModularCurve_X0.lean:325:2: Try this:
  haveI̵

The goal is a proposition, so `have` is preferred over `haveI`.
The difference between `have` and `haveI` is that `haveI` inlines the value.
But this is not relevant for proofs because of proof irrelevance.

Note: This linter can be disabled with `set_option linter.style.haveILetI false`
warning: Definitions/Def_ModularCurve_X0.lean:334:2: Try this:
  haveI̵

The goal is a proposition, so `have` is preferred over `haveI`.
The difference between `have` and `haveI` is that `haveI` inlines the value.
But this is not relevant for proofs because of proof irrelevance.

Note: This linter can be disabled with `set_option linter.style.haveILetI false`
warning: Definitions/Def_ModularCurve_X0.lean:335:2: Try this:
  haveI̵

The goal is a proposition, so `have` is preferred over `haveI`.
The difference between `have` and `haveI` is that `haveI` inlines the value.
But this is not relevant for proofs because of proof irrelevance.

Note: This linter can be disabled with `set_option linter.style.haveILetI false`
✔ [8/14] Built Definitions.Def_JacJ1Iface (7.0s)
✔ [9/16] Built Definitions.Def_ModularCurve_LaurentCoeff (3.8s)
✔ [10/17] Built Definitions.Def_Submodule_LocalBox (7.6s)
✔ [11/17] Built Definitions.Def_AlgebraicCurve_DivisorClassGroup (6.3s)
✔ [12/18] Built Definitions.Def_ModularForm_HeckeOperator (4.9s)
⚠ [13/18] Built Definitions.Def_QuaternionAlgebra_EichlerOrder (7.6s)
warning: Definitions/Def_QuaternionAlgebra_EichlerOrder.lean:58:4: Try this:
  haveI̵

The goal is a proposition, so `have` is preferred over `haveI`.
The difference between `have` and `haveI` is that `haveI` inlines the value.
But this is not relevant for proofs because of proof irrelevance.

Note: This linter can be disabled with `set_option linter.style.haveILetI false`
warning: Definitions/Def_QuaternionAlgebra_EichlerOrder.lean:59:4: Try this:
  haveI̵

The goal is a proposition, so `have` is preferred over `haveI`.
The difference between `have` and `haveI` is that `haveI` inlines the value.
But this is not relevant for proofs because of proof irrelevance.

Note: This linter can be disabled with `set_option linter.style.haveILetI false`
✔ [14/18] Built Definitions.Def_AlgebraicCurve_BaseChangeGalois (6.9s)
✔ [15/20] Built Definitions.Def_AlgebraicCurve_IsCurveOver (2.5s)
✔ [16/20] Built Definitions.Def_ModularCurve_ComplexPlaceDictionary (5.2s)
⚠ [17/21] Built Definitions.Def_ModularCurve_ComponentGroup (2.2s)
warning: Definitions/Def_ModularCurve_ComponentGroup.lean:1:0: 'Mathlib.Algebra.Exact' has been deprecated: please replace this import by

import Mathlib.Algebra.Exact.Basic
✔ [18/23] Built Definitions.Def_CerednikDrinfeld_Ribbon (3.2s)
✔ [19/25] Built Definitions.Def_ModularCurve_UniformizedHeckeCurve (3.7s)
✔ [20/34] Built Definitions.Def_FLTPrelim_FreyPackage (1.9s)
✔ [21/34] Built Definitions.Def_FLTPrelim_GaloisRep (2.4s)
✔ [22/34] Built Definitions.Def_FLTPrelim_Ramification (2.2s)
✔ [23/35] Built Definitions.Def_Compat_Mathlib430 (5.5s)
✔ [24/35] Built Definitions.Def_EllipticCurve_FrobeniusTrace (2.9s)
✔ [25/36] Built Definitions.Def_MvFormalGroup_BasicV2 (3.6s)
✔ [26/41] Built Definitions.Def_HeckeGalois_EichlerShimura (4.4s)
✔ [27/41] Built Definitions.Def_CerednikDrinfeld_JPrimeTorsionDatum (6.3s)
✔ [28/41] Built Definitions.Def_CerednikDrinfeld_MumfordPeriod (7.0s)
⚠ [29/41] Built Definitions.Def_LatticeTreeOrbital (15s)
warning: Definitions/Def_LatticeTreeOrbital.lean:1911:4: Try this:
  haveI̵

The goal is a proposition, so `have` is preferred over `haveI`.
The difference between `have` and `haveI` is that `haveI` inlines the value.
But this is not relevant for proofs because of proof irrelevance.

Note: This linter can be disabled with `set_option linter.style.haveILetI false`
⚠ [30/46] Built Definitions.Def_CerednikDrinfeld_BruhatTitsTree (3.2s)
warning: Definitions/Def_CerednikDrinfeld_BruhatTitsTree.lean:20:9: The namespace `CerednikDrinfeld` is duplicated in the declaration `CerednikDrinfeld.BruhatTits._root_.CerednikDrinfeld.Mumford.GraphAction.subgroup`.

Note: This linter can be disabled with `set_option linter.dupNamespace false`
warning: Definitions/Def_CerednikDrinfeld_BruhatTitsTree.lean:23:8: The namespace `CerednikDrinfeld` is duplicated in the declaration `CerednikDrinfeld.BruhatTits._root_.CerednikDrinfeld.Mumford.GraphAction.of_compHom`.

Note: This linter can be disabled with `set_option linter.dupNamespace false`
✔ [31/47] Built Definitions.Def_CerednikDrinfeld_TwoPlaceTorsionDatum (4.2s)
✔ [32/47] Built Definitions.Def_MvFormalGroup_EndRingV2 (5.7s)
✔ [34/51] Built Definitions.Def_CerednikDrinfeld_FormalUpperHalfPlaneCharts (9.1s)
✔ [35/51] Built Definitions.Def_MvFormalGroup_NegV2 (7.2s)
✔ [36/51] Built Definitions.Def_CerednikDrinfeld_SchemeNilpPoints (8.9s)
⚠ [37/51] Built Definitions.Def_CerednikDrinfeld_ShimuraCurve (24s)
warning: Definitions/Def_CerednikDrinfeld_ShimuraCurve.lean:194:2: Try this:
  letI̵

The goal is a proposition, so `let` is preferred over `letI`.
The difference between `let` and `letI` is that `letI` inlines the value.
But this is not relevant for proofs because of proof irrelevance.

Note: This linter can be disabled with `set_option linter.style.haveILetI false`
✔ [38/51] Built Definitions.Def_CerednikDrinfeld_SpecialFormalModule (9.9s)
✔ [39/51] Built Definitions.Def_AlgebraicGeometry_FormalGroupAlongSection (6.4s)
✔ [40/51] Built Definitions.Def_CerednikDrinfeld_QMModuli (8.7s)
✔ [41/51] Built Definitions.Def_CerednikDrinfeld_QMIsogeny (4.0s)
✔ [42/51] Built Definitions.Def_CerednikDrinfeld_QMFormalModuleOf (5.5s)
✔ [43/51] Built Definitions.Def_CerednikDrinfeld_QMModuliProps (6.2s)
✔ [44/51] Built Definitions.Def_CerednikDrinfeld_QMCoarseModuli (5.6s)
✔ [45/51] Built Definitions.Def_CerednikDrinfeld_QMFineModuli (6.0s)
✔ [46/51] Built Definitions.Def_CerednikDrinfeld_QMFineModuliT (5.9s)
✔ [47/51] Built Definitions.Def_CerednikDrinfeld_QMRigidification (7.5s)
✔ [48/51] Built Definitions.Def_CerednikDrinfeld_RigidifiedPairClassModel (7.6s)
⚠ [49/51] Built Submission (7.3s)
warning: Submission.lean:19:8: declaration uses `sorry`
warning: Submission.lean:368:8: The namespace `Submission` is duplicated in the declaration `Submission.Submission.p07_cre_group_law_857cd4d38c`.

Note: This linter can be disabled with `set_option linter.dupNamespace false`
✔ [50/51] Built Solution (4.8s)
Build completed successfully (51 jobs).
PANIC at dumpConstant Export:237:48: Constant Submission.p07_cre_group_law_857cd4d38c not found in environment.
backtrace:
/mnt/data/zhengyang-workspace/fermat-example/.humanize/verifier/lean4export/.lake/build/bin/lean4export(+0x9767495) [0x5dd54f84f495]
/mnt/data/zhengyang-workspace/fermat-example/.humanize/verifier/lean4export/.lake/build/bin/lean4export(+0x975eaf7) [0x5dd54f846af7]
/mnt/data/zhengyang-workspace/fermat-example/.humanize/verifier/lean4export/.lake/build/bin/lean4export(lean_panic_fn_borrowed+0x2b) [0x5dd54f846bdb]
/mnt/data/zhengyang-workspace/fermat-example/.humanize/verifier/lean4export/.lake/build/bin/lean4export(panic spec at dumpConstant (lean4export)+0x2ae) [0x5dd54948a62e]
/mnt/data/zhengyang-workspace/fermat-example/.humanize/verifier/lean4export/.lake/build/bin/lean4export(List.forIn'.loop [arity↓] spec at main (lean4export)+0x2a1) [0x5dd54947c2e1]
/mnt/data/zhengyang-workspace/fermat-example/.humanize/verifier/lean4export/.lake/build/bin/lean4export(main [λ] (lean4export)+0x167) [0x5dd54947c807]
/mnt/data/zhengyang-workspace/fermat-example/.humanize/verifier/lean4export/.lake/build/bin/lean4export(main [boxed, λ] (lean4export)+0x13) [0x5dd54947caa3]
/mnt/data/zhengyang-workspace/fermat-example/.humanize/verifier/lean4export/.lake/build/bin/lean4export(<apply/3>+0x970) [0x5dd54f856bb0]
/mnt/data/zhengyang-workspace/fermat-example/.humanize/verifier/lean4export/.lake/build/bin/lean4export(M.run [arity↓] (lean4export)+0x30) [0x5dd54947e920]
/mnt/data/zhengyang-workspace/fermat-example/.humanize/verifier/lean4export/.lake/build/bin/lean4export(+0x9716257) [0x5dd54f7fe257]
/mnt/data/zhengyang-workspace/fermat-example/.humanize/verifier/lean4export/.lake/build/bin/lean4export(+0x9716725) [0x5dd54f7fe725]
/lib/x86_64-linux-gnu/libc.so.6(+0x891f5) [0x7a934199d1f5]
/lib/x86_64-linux-gnu/libc.so.6(__clone+0x40) [0x7a9341a1cb50]
Traceback (most recent call last):
  File "/verifier/swarm-verifier-packet.py", line 75, in <module>
    execute(args.packet, args.digest, args.output)
  File "/verifier/swarm-verifier-packet.py", line 63, in execute
    verifier.verify_prepared(output, expected_digest)
  File "/verifier/verify-frozen-node.py", line 823, in verify_prepared
    compare(root, names)
  File "/verifier/verify-frozen-node.py", line 302, in compare
    export(solution, "Solution", name, root / "solution.export")
  File "/verifier/verify-frozen-node.py", line 287, in export
    exported = sandbox(
               ^^^^^^^^
  File "/verifier/swarm-verifier-packet.py", line 50, in <lambda>
    verifier.sandbox = lambda directory, args, **kw: launcher.isolated_command(
                                                     ^^^^^^^^^^^^^^^^^^^^^^^^^^
  File "/verifier/swarm-verifier-selftest.py", line 87, in isolated_command
    return subprocess.run(command, cwd=directory, env=environment, check=True,
           ^^^^^^^^^^^^^^^^^^^^^^^^^^^^^^^^^^^^^^^^^^^^^^^^^^^^^^^^^^^^^^^^^^^
  File "/usr/local/lib/python3.12/subprocess.py", line 571, in run
    raise CalledProcessError(retcode, process.args,
subprocess.CalledProcessError: Command '['/mnt/data/zhengyang-workspace/fermat-example/.humanize/verifier/landrun', '--best-effort', '--ro', '/etc', '--rox', '/usr', '--ro', '/output/result/solution', '--rox', '/mnt/data/zhengyang-workspace/fermat-example/.humanize/verifier', '--rw', '/dev', '-ldd', '-add-exec', '--rwx', '/output/result/solution/.lake', '--rox', '/reference/lean-4.33.1-linux', '--rox', '/reference/packages', '--env', 'PATH', '--env', 'HOME', '--env', 'LEAN_PATH', '--env', 'LEAN_ABORT_ON_PANIC', '--env', 'LEAN_NUM_THREADS', '--', '/mnt/data/zhengyang-workspace/fermat-example/.humanize/verifier/lean4export/.lake/build/bin/lean4export', 'Solution', '--', 'Submission.p07_cre_group_law_857cd4d38c', 'propext', 'Quot.sound', 'Classical.choice', 'Nat.add', 'Nat.sub', 'Nat.mul', 'Nat.pow', 'Nat.gcd', 'Nat.div', 'Nat.mod', 'Nat.beq', 'Nat.ble', 'Nat.land', 'Nat.lor', 'Nat.xor', 'Nat.shiftLeft', 'Nat.shiftRight', 'String.ofList', 'Char.ofNat', 'List', 'eagerReduce']' died with <Signals.SIGABRT: 6>.
