Controller verification 67bbddb17663447fa909e620228c2bb4: running
✔ [1/10] Built Definitions.Def_Submodule_FiniteAdeleBox (43s)
⚠ [2/10] Built Definitions.Def_AlgebraicGeometry_NeronModelPropertyBundleCarrier (44s)
warning: Definitions/Def_AlgebraicGeometry_NeronModelPropertyBundleCarrier.lean:66:8: Overlapping instance parameters in `NeronModelPropertyBundle.smooth_mathlibSpelling`:

⚠️ `[IsDomain
   R]` and `[IsDedekindDomain
   R]` each imply `[Nontrivial R]`, `[IsLeftCancelMulZero R]`, and `[IsRightCancelMulZero R]`.
💡️ Of these, `[IsDomain R]` may be removed.

Note: This linter can be disabled with `set_option linter.overlappingInstances false`
warning: Definitions/Def_AlgebraicGeometry_NeronModelPropertyBundleCarrier.lean:70:8: Overlapping instance parameters in `NeronModelPropertyBundle.isSeparated_mathlibSpelling`:

⚠️ `[IsDomain
   R]` and `[IsDedekindDomain
   R]` each imply `[Nontrivial R]`, `[IsLeftCancelMulZero R]`, and `[IsRightCancelMulZero R]`.
💡️ Of these, `[IsDomain R]` may be removed.

Note: This linter can be disabled with `set_option linter.overlappingInstances false`
warning: Definitions/Def_AlgebraicGeometry_NeronModelPropertyBundleCarrier.lean:74:8: Overlapping instance parameters in `NeronModelPropertyBundle.locallyOfFiniteType_mathlibSpelling`:

⚠️ `[IsDomain
   R]` and `[IsDedekindDomain
   R]` each imply `[Nontrivial R]`, `[IsLeftCancelMulZero R]`, and `[IsRightCancelMulZero R]`.
💡️ Of these, `[IsDomain R]` may be removed.

Note: This linter can be disabled with `set_option linter.overlappingInstances false`
warning: Definitions/Def_AlgebraicGeometry_NeronModelPropertyBundleCarrier.lean:78:8: Overlapping instance parameters in `NeronModelPropertyBundle.quasiCompact_mathlibSpelling`:

⚠️ `[IsDomain
   R]` and `[IsDedekindDomain
   R]` each imply `[Nontrivial R]`, `[IsLeftCancelMulZero R]`, and `[IsRightCancelMulZero R]`.
💡️ Of these, `[IsDomain R]` may be removed.

Note: This linter can be disabled with `set_option linter.overlappingInstances false`
warning: Definitions/Def_AlgebraicGeometry_NeronModelPropertyBundleCarrier.lean:82:8: Overlapping instance parameters in `NeronModelPropertyBundle.neronMapping_bijective`:

⚠️ `[IsDomain
   R]` and `[IsDedekindDomain
   R]` each imply `[Nontrivial R]`, `[IsLeftCancelMulZero R]`, and `[IsRightCancelMulZero R]`.
💡️ Of these, `[IsDomain R]` may be removed.

Note: This linter can be disabled with `set_option linter.overlappingInstances false`
warning: Definitions/Def_AlgebraicGeometry_NeronModelPropertyBundleCarrier.lean:88:8: Overlapping instance parameters in `neronModelPropertyBundle_iff_propertyList`:

⚠️ `[IsDomain
   R]` and `[IsDedekindDomain
   R]` each imply `[Nontrivial R]`, `[IsLeftCancelMulZero R]`, and `[IsRightCancelMulZero R]`.
💡️ Of these, `[IsDomain R]` may be removed.

Note: This linter can be disabled with `set_option linter.overlappingInstances false`
warning: Definitions/Def_AlgebraicGeometry_NeronModelPropertyBundleCarrier.lean:95:8: Overlapping instance parameters in `NeronModelPropertyBundle.existsUnique_extension`:

⚠️ `[IsDomain
   R]` and `[IsDedekindDomain
   R]` each imply `[Nontrivial R]`, `[IsLeftCancelMulZero R]`, and `[IsRightCancelMulZero R]`.
💡️ Of these, `[IsDomain R]` may be removed.

Note: This linter can be disabled with `set_option linter.overlappingInstances false`
warning: Definitions/Def_AlgebraicGeometry_NeronModelPropertyBundleCarrier.lean:174:8: Overlapping instance parameters in `neronModelPropertyBundle_id`:

⚠️ `[IsDomain
   R]` and `[IsDedekindDomain
   R]` each imply `[Nontrivial R]`, `[IsLeftCancelMulZero R]`, and `[IsRightCancelMulZero R]`.
💡️ Of these, `[IsDomain R]` may be removed.

Note: This linter can be disabled with `set_option linter.overlappingInstances false`
✔ [3/10] Built Definitions.Def_QuaternionAlgebra_ReducedNorm (33s)
✔ [4/11] Built Definitions.Def_QuaternionAlgebra_Order (34s)
✔ [5/12] Built Definitions.Def_AlgebraicGeometry_RelativeGroupLaw (31s)
✔ [6/14] Built Definitions.Def_QuaternionAlgebra_Order_FiniteIdele (32s)
⚠ [7/16] Built Definitions.Def_ModularCurve_X0 (17s)
warning: Definitions/Def_ModularCurve_X0.lean:40:9: `HahnSeries.embDomain_notin_range` has been deprecated: Use `HahnSeries.embDomain_of_notMem_range` instead
warning: Definitions/Def_ModularCurve_X0.lean:163:9: `HahnSeries.embDomain_notin_range` has been deprecated: Use `HahnSeries.embDomain_of_notMem_range` instead
warning: Definitions/Def_ModularCurve_X0.lean:239:2: Try this:
  haveI̵

The goal is a proposition, so `have` is preferred over `haveI`.
The difference between `have` and `haveI` is that `haveI` inlines the value.
But this is not relevant for proofs because of proof irrelevance.

Note: This linter can be disabled with `set_option linter.style.haveILetI false`
warning: Definitions/Def_ModularCurve_X0.lean:325:2: Try this:
  haveI̵

The goal is a proposition, so `have` is preferred over `haveI`.
The difference between `have` and `haveI` is that `haveI` inlines the value.
But this is not relevant for proofs because of proof irrelevance.

Note: This linter can be disabled with `set_option linter.style.haveILetI false`
warning: Definitions/Def_ModularCurve_X0.lean:334:2: Try this:
  haveI̵

The goal is a proposition, so `have` is preferred over `haveI`.
The difference between `have` and `haveI` is that `haveI` inlines the value.
But this is not relevant for proofs because of proof irrelevance.

Note: This linter can be disabled with `set_option linter.style.haveILetI false`
warning: Definitions/Def_ModularCurve_X0.lean:335:2: Try this:
  haveI̵

The goal is a proposition, so `have` is preferred over `haveI`.
The difference between `have` and `haveI` is that `haveI` inlines the value.
But this is not relevant for proofs because of proof irrelevance.

Note: This linter can be disabled with `set_option linter.style.haveILetI false`
✔ [8/16] Built Definitions.Def_ModularCurve_LaurentCoeff (17s)
✔ [9/16] Built Definitions.Def_JacJ1Iface (36s)
✔ [10/17] Built Definitions.Def_Submodule_LocalBox (47s)
✔ [11/17] Built Definitions.Def_AlgebraicCurve_DivisorClassGroup (31s)
✔ [12/18] Built Definitions.Def_ModularForm_HeckeOperator (20s)
⚠ [13/18] Built Definitions.Def_QuaternionAlgebra_EichlerOrder (37s)
warning: Definitions/Def_QuaternionAlgebra_EichlerOrder.lean:58:4: Try this:
  haveI̵

The goal is a proposition, so `have` is preferred over `haveI`.
The difference between `have` and `haveI` is that `haveI` inlines the value.
But this is not relevant for proofs because of proof irrelevance.

Note: This linter can be disabled with `set_option linter.style.haveILetI false`
warning: Definitions/Def_QuaternionAlgebra_EichlerOrder.lean:59:4: Try this:
  haveI̵

The goal is a proposition, so `have` is preferred over `haveI`.
The difference between `have` and `haveI` is that `haveI` inlines the value.
But this is not relevant for proofs because of proof irrelevance.

Note: This linter can be disabled with `set_option linter.style.haveILetI false`
✔ [14/18] Built Definitions.Def_AlgebraicCurve_BaseChangeGalois (38s)
✔ [15/20] Built Definitions.Def_AlgebraicCurve_IsCurveOver (14s)
✔ [16/20] Built Definitions.Def_ModularCurve_ComplexPlaceDictionary (25s)
⚠ [17/21] Built Definitions.Def_ModularCurve_ComponentGroup (9.5s)
warning: Definitions/Def_ModularCurve_ComponentGroup.lean:1:0: 'Mathlib.Algebra.Exact' has been deprecated: please replace this import by

import Mathlib.Algebra.Exact.Basic
✔ [18/23] Built Definitions.Def_ModularCurve_UniformizedHeckeCurve (11s)
✔ [19/25] Built Definitions.Def_CerednikDrinfeld_Ribbon (11s)
✔ [20/34] Built Definitions.Def_FLTPrelim_FreyPackage (6.4s)
✔ [21/34] Built Definitions.Def_FLTPrelim_GaloisRep (8.9s)
✔ [22/35] Built Definitions.Def_FLTPrelim_Ramification (7.3s)
✔ [23/35] Built Definitions.Def_EllipticCurve_FrobeniusTrace (10s)
✔ [24/35] Built Definitions.Def_Compat_Mathlib430 (23s)
✔ [25/36] Built Definitions.Def_MvFormalGroup_BasicV2 (12s)
✔ [26/41] Built Definitions.Def_HeckeGalois_EichlerShimura (18s)
✔ [27/41] Built Definitions.Def_CerednikDrinfeld_JPrimeTorsionDatum (15s)
✔ [28/41] Built Definitions.Def_CerednikDrinfeld_MumfordPeriod (16s)
⚠ [29/46] Built Definitions.Def_LatticeTreeOrbital (49s)
warning: Definitions/Def_LatticeTreeOrbital.lean:1911:4: Try this:
  haveI̵

The goal is a proposition, so `have` is preferred over `haveI`.
The difference between `have` and `haveI` is that `haveI` inlines the value.
But this is not relevant for proofs because of proof irrelevance.

Note: This linter can be disabled with `set_option linter.style.haveILetI false`
✔ [30/47] Built Definitions.Def_CerednikDrinfeld_TwoPlaceTorsionDatum (18s)
⚠ [32/51] Built Definitions.Def_CerednikDrinfeld_BruhatTitsTree (11s)
warning: Definitions/Def_CerednikDrinfeld_BruhatTitsTree.lean:20:9: The namespace `CerednikDrinfeld` is duplicated in the declaration `CerednikDrinfeld.BruhatTits._root_.CerednikDrinfeld.Mumford.GraphAction.subgroup`.

Note: This linter can be disabled with `set_option linter.dupNamespace false`
warning: Definitions/Def_CerednikDrinfeld_BruhatTitsTree.lean:23:8: The namespace `CerednikDrinfeld` is duplicated in the declaration `CerednikDrinfeld.BruhatTits._root_.CerednikDrinfeld.Mumford.GraphAction.of_compHom`.

Note: This linter can be disabled with `set_option linter.dupNamespace false`
✔ [33/51] Built Definitions.Def_MvFormalGroup_EndRingV2 (16s)
✔ [34/51] Built Definitions.Def_CerednikDrinfeld_FormalUpperHalfPlaneCharts (29s)
✔ [35/51] Built Definitions.Def_MvFormalGroup_NegV2 (27s)
⚠ [36/51] Built Definitions.Def_CerednikDrinfeld_ShimuraCurve (85s)
warning: Definitions/Def_CerednikDrinfeld_ShimuraCurve.lean:194:2: Try this:
  letI̵

The goal is a proposition, so `let` is preferred over `letI`.
The difference between `let` and `letI` is that `letI` inlines the value.
But this is not relevant for proofs because of proof irrelevance.

Note: This linter can be disabled with `set_option linter.style.haveILetI false`
✔ [37/51] Built Definitions.Def_CerednikDrinfeld_SchemeNilpPoints (26s)
✔ [38/51] Built Definitions.Def_CerednikDrinfeld_SpecialFormalModule (41s)
✔ [39/51] Built Definitions.Def_CerednikDrinfeld_QMModuli (44s)
✔ [40/51] Built Definitions.Def_AlgebraicGeometry_FormalGroupAlongSection (20s)
✔ [41/51] Built Definitions.Def_CerednikDrinfeld_QMIsogeny (21s)
✔ [42/51] Built Definitions.Def_CerednikDrinfeld_QMModuliProps (26s)
✔ [43/51] Built Definitions.Def_CerednikDrinfeld_QMFormalModuleOf (16s)
✔ [44/51] Built Definitions.Def_CerednikDrinfeld_QMCoarseModuli (14s)
✔ [45/51] Built Definitions.Def_CerednikDrinfeld_QMFineModuli (20s)
✔ [46/51] Built Definitions.Def_CerednikDrinfeld_QMFineModuliT (19s)
✔ [47/51] Built Definitions.Def_CerednikDrinfeld_QMRigidification (24s)
✔ [48/51] Built Definitions.Def_CerednikDrinfeld_RigidifiedPairClassModel (32s)
✖ [49/51] Building Submission (17s)
trace: .> LEAN_PATH=/var/tmp/fermat-swarm-20261007/verification/67bbddb17663447fa909e620228c2bb4/root-full_level_quotient-a1-curve_quotient-a1-level_geometry_pullback-a1-kerh2gv2/challenge/.lake/build/lib/lean /var/tmp/fermat-verifier-reference.Z0kXAn/lean-4.33.1-linux/bin/lean /var/tmp/fermat-swarm-20261007/verification/67bbddb17663447fa909e620228c2bb4/root-full_level_quotient-a1-curve_quotient-a1-level_geometry_pullback-a1-kerh2gv2/challenge/Submission.lean -o /var/tmp/fermat-swarm-20261007/verification/67bbddb17663447fa909e620228c2bb4/root-full_level_quotient-a1-curve_quotient-a1-level_geometry_pullback-a1-kerh2gv2/challenge/.lake/build/lib/lean/Submission.olean -i /var/tmp/fermat-swarm-20261007/verification/67bbddb17663447fa909e620228c2bb4/root-full_level_quotient-a1-curve_quotient-a1-level_geometry_pullback-a1-kerh2gv2/challenge/.lake/build/lib/lean/Submission.ilean -c /var/tmp/fermat-swarm-20261007/verification/67bbddb17663447fa909e620228c2bb4/root-full_level_quotient-a1-curve_quotient-a1-level_geometry_pullback-a1-kerh2gv2/challenge/.lake/build/ir/Submission.c --setup /var/tmp/fermat-swarm-20261007/verification/67bbddb17663447fa909e620228c2bb4/root-full_level_quotient-a1-curve_quotient-a1-level_geometry_pullback-a1-kerh2gv2/challenge/.lake/build/ir/Submission.setup.json --json
error: Submission.lean:13:22: Unknown constant `AlgebraicGeometry.Scheme.Hom.opensMapFinal`
error: Submission.lean:14:18: Unknown constant `GoodReductionJacobian.RelativeGroupLaw.baseChangePointToBase_ofBase`
error: Submission.lean:15:18: Unknown constant `RegularLocalRingQuotientAscent.dualNumberFst_apply`
warning: Submission.lean:22:8: declaration uses `sorry`
error: Lean exited with code 1
Some required targets logged failures:
- Submission
error: build failed
Traceback (most recent call last):
  File "/var/tmp/fermat-cached-verifier-pilot.EcQSVm/scripts/verify-frozen-node.py", line 662, in <module>
    verify()
  File "/var/tmp/fermat-cached-verifier-pilot.EcQSVm/scripts/verify-frozen-node.py", line 643, in verify
    verify_prepared(root, digest)
  File "/var/tmp/fermat-cached-verifier-pilot.EcQSVm/scripts/verify-frozen-node.py", line 621, in verify_prepared
    compare(root, names)
  File "/var/tmp/fermat-cached-verifier-pilot.EcQSVm/scripts/verify-frozen-node.py", line 301, in compare
    export(challenge, "Challenge", name, root / "challenge.export")
  File "/var/tmp/fermat-cached-verifier-pilot.EcQSVm/scripts/verify-frozen-node.py", line 282, in export
    sandbox(directory, ["lake", "--no-cache", "build", module])
  File "/var/tmp/fermat-cached-verifier-pilot.EcQSVm/scripts/verify-frozen-node.py", line 277, in sandbox
    return run(command, directory, capture=capture)
           ^^^^^^^^^^^^^^^^^^^^^^^^^^^^^^^^^^^^^^^^
  File "/var/tmp/fermat-cached-verifier-pilot.EcQSVm/scripts/verify-frozen-node.py", line 55, in run
    return subprocess.run(
           ^^^^^^^^^^^^^^^
  File "/home/ubuntu/.local/share/uv/python/cpython-3.12.15-linux-x86_64-gnu/lib/python3.12/subprocess.py", line 571, in run
    raise CalledProcessError(retcode, process.args,
subprocess.CalledProcessError: Command '['systemd-run', '--user', '--quiet', '--wait', '--pipe', '--collect', '--property=RestrictAddressFamilies=~AF_UNIX', '--working-directory=/var/tmp/fermat-swarm-20261007/verification/67bbddb17663447fa909e620228c2bb4/root-full_level_quotient-a1-curve_quotient-a1-level_geometry_pullback-a1-kerh2gv2/challenge', '--setenv=PATH=/var/tmp/fermat-verifier-reference.Z0kXAn/lean-4.33.1-linux/bin:/usr/local/sbin:/usr/local/bin:/usr/sbin:/usr/bin:/sbin:/bin:/usr/games:/usr/local/games:/snap/bin:/snap/bin', '--setenv=LEAN_ABORT_ON_PANIC=1', '--setenv=LEAN_NUM_THREADS=2', '/mnt/data/zhengyang-workspace/fermat-example/.humanize/verifier/landrun', '--best-effort', '--ro', '/etc', '--rox', '/usr', '--ro', '/var/tmp/fermat-swarm-20261007/verification/67bbddb17663447fa909e620228c2bb4/root-full_level_quotient-a1-curve_quotient-a1-level_geometry_pullback-a1-kerh2gv2/challenge', '--rox', '/mnt/data/zhengyang-workspace/fermat-example/.humanize/verifier', '--rox', '/var/tmp/fermat-verifier-reference.Z0kXAn/packages', '--rw', '/dev', '-ldd', '-add-exec', '--rwx', '/var/tmp/fermat-swarm-20261007/verification/67bbddb17663447fa909e620228c2bb4/root-full_level_quotient-a1-curve_quotient-a1-level_geometry_pullback-a1-kerh2gv2/challenge/.lake', '--rox', '/var/tmp/fermat-verifier-reference.Z0kXAn/lean-4.33.1-linux', '--env', 'PATH', '--env', 'HOME', '--env', 'LEAN_PATH', '--env', 'LEAN_ABORT_ON_PANIC', '--env', 'LEAN_NUM_THREADS', '--', 'lake', '--no-cache', 'build', 'Challenge']' returned non-zero exit status 1.
